[1;1H[39m[49m[22m[22m[23m[24m[29m[27m┌──────────────────┐     ╔══════════════════╗     
│                  │     ║                  ║     
│ [38;2;136;136;136mSingle[39m           │     ║ [38;2;136;136;136mDouble[39m           ║     
│                  │     ║                  ║     
└──────────────────┘     ╚══════════════════╝     
                                                  
                                                  
╭──────────────────╮     ┏━━━━━━━━━━━━━━━━━━┓     
│                  │     ┃                  ┃     
│ [38;2;136;136;136mRound[39m            │     ┃ [38;2;136;136;136mBold[39m             ┃     
│                  │     ┃                  ┃     
╰──────────────────╯     ┗━━━━━━━━━━━━━━━━━━┛     
                                                  
                                                  
                                                  
                                                  
                                                  
                                                  
                                                  
                                                  [0m